// Jest Snapshot v1, https://goo.gl/fbAQLP

exports[`<Button /> should render and match the snapshot 1`] = `
<styled.div
  variant="Primary"
/>
`;
