// Jest Snapshot v1, https://goo.gl/fbAQLP

exports[`<App /> should render and match the snapshot 1`] = `
<React.Fragment>
  DEMO: App Home Container
</React.Fragment>
`;
